2021-03-11 22:34:55,664:INFO:flipkrat.py:Url hitted
2021-03-11 22:34:55,871:INFO:flipkrat.py:login popup handled
2021-03-11 22:34:56,219:INFO:flipkrat.py:Search begins
2021-03-11 22:34:59,039:INFO:flipkrat.py:Data saved in scrapper file
2021-03-11 22:35:58,120:INFO:flipkrat.py:Url hitted
2021-03-11 22:35:58,315:INFO:flipkrat.py:login popup handled
2021-03-11 22:35:58,591:INFO:flipkrat.py:Search begins
2021-03-11 22:36:01,400:INFO:flipkrat.py:Data saved in scrapper file
2021-03-11 22:36:23,309:INFO:flipkrat.py:Url hitted
2021-03-11 22:36:23,496:INFO:flipkrat.py:login popup handled
2021-03-11 22:36:23,770:INFO:flipkrat.py:Search begins
2021-03-11 22:36:33,418:INFO:flipkrat.py:Url hitted
2021-03-11 22:36:33,647:INFO:flipkrat.py:login popup handled
2021-03-11 22:36:34,002:INFO:flipkrat.py:Search begins
2021-03-11 22:36:36,914:INFO:flipkrat.py:Data saved in scrapper file
2021-03-11 22:37:59,845:INFO:flipkrat.py:Thread run completed
2021-03-12 18:10:07,996:INFO:flipkrat.py:Url hitted
2021-03-12 18:10:08,216:INFO:flipkrat.py:login popup handled
2021-03-12 18:10:08,649:INFO:flipkrat.py:Search begins for Nike
2021-03-12 18:10:15,835:INFO:flipkrat.py:Data saved in scrapper file
2021-03-12 18:21:17,976:INFO:flipkrat.py:Url hitted
2021-03-12 18:21:18,307:INFO:flipkrat.py:login popup handled
2021-03-12 18:21:18,661:INFO:flipkrat.py:Search begins for shorts
2021-03-12 18:21:45,120:INFO:flipkrat.py:Thread run completed
2021-03-12 18:51:46,598:INFO:flipkrat.py:Url hitted
2021-03-12 18:51:46,854:INFO:flipkrat.py:login popup handled
2021-03-12 18:51:47,148:INFO:flipkrat.py:Search begins for Nike
2021-03-12 18:51:52,934:INFO:flipkrat.py:Data saved in scrapper file
2021-03-12 18:59:13,412:INFO:flipkrat.py:Url hitted
2021-03-12 18:59:13,585:INFO:flipkrat.py:login popup handled
2021-03-12 18:59:13,871:INFO:flipkrat.py:Search begins for Nike
2021-03-12 18:59:20,027:INFO:flipkrat.py:Data saved in scrapper file
2021-03-12 19:05:39,138:INFO:flipkrat.py:Url hitted
2021-03-12 19:05:39,293:INFO:flipkrat.py:login popup handled
2021-03-12 19:05:39,627:INFO:flipkrat.py:Search begins for Saree
2021-03-12 19:05:45,435:INFO:flipkrat.py:Data saved in scrapper file
2021-03-12 19:48:30,551:INFO:flipkrat.py:Url hitted
2021-03-12 19:48:32,022:INFO:flipkrat.py:login popup handled
2021-03-12 19:48:33,971:INFO:flipkrat.py:Search begins for Nike
2021-03-12 19:48:39,271:INFO:flipkrat.py:Data saved in scrapper file
2021-03-12 19:52:16,469:INFO:flipkrat.py:Url hitted
2021-03-12 19:52:16,797:INFO:flipkrat.py:login popup handled
2021-03-12 19:52:17,244:INFO:flipkrat.py:Search begins for Nike
2021-03-12 19:52:19,627:INFO:flipkrat.py:Data saved in scrapper file
2021-03-12 22:38:31,082:INFO:flipkrat.py:Url hitted
2021-03-12 22:38:31,387:INFO:flipkrat.py:login popup handled
2021-03-12 22:38:31,835:INFO:flipkrat.py:Search begins for Nike
2021-03-12 22:38:38,080:INFO:flipkrat.py:Data saved in scrapper file
2021-08-01 15:16:07,847:INFO:flipkrat.py:Url hitted
2021-08-01 15:16:07,888:INFO:flipkrat.py:login popup handled
2021-08-01 15:16:07,981:INFO:flipkrat.py:Search begins for samsung
2021-08-01 15:16:09,936:INFO:flipkrat.py:Data saved in scrapper file
2021-08-01 15:17:33,103:INFO:flipkrat.py:Url hitted
2021-08-01 15:17:33,148:INFO:flipkrat.py:login popup handled
2021-08-01 15:17:33,252:INFO:flipkrat.py:Search begins for samsung
2021-08-01 15:17:36,074:INFO:flipkrat.py:data saved in scrapper file
2021-08-01 15:33:43,729:INFO:flipkrat.py:Url hitted
2021-08-01 15:33:43,797:INFO:flipkrat.py:login popup handled
2021-08-01 15:33:43,887:INFO:flipkrat.py:Search begins for samsung
2021-08-01 15:33:46,335:INFO:flipkrat.py:Data saved in scrapper file
2021-08-01 16:02:20,882:INFO:flipkrat.py:Url hitted
2021-08-01 16:02:20,978:INFO:flipkrat.py:login popup handled
2021-08-01 16:02:21,096:INFO:flipkrat.py:Search begins for samsung
2021-08-01 16:28:58,071:INFO:flipkrat.py:Url hitted
2021-08-01 16:28:58,144:INFO:flipkrat.py:login popup handled
2021-08-01 16:31:59,312:INFO:flipkrat.py:Url hitted
2021-08-01 16:31:59,384:INFO:flipkrat.py:login popup handled
2021-12-05 20:02:01,224:INFO:flipkrat.py:Url hitted
2021-12-05 20:02:01,966:INFO:flipkrat.py:login popup handled
2021-12-05 20:02:02,069:INFO:flipkrat.py:Search begins for samsung
2021-12-18 19:48:58,493:INFO:flipkrat.py:Url hitted
2021-12-18 19:48:58,541:INFO:flipkrat.py:login popup handled
2021-12-18 19:48:58,671:INFO:flipkrat.py:Search begins for iphone7
2022-05-09 10:38:02,636:INFO:flipkrat.py:Url hitted
2022-05-09 10:38:02,787:INFO:flipkrat.py:login popup handled
2022-05-09 10:38:02,988:INFO:flipkrat.py:Search begins for samsung
2022-05-09 22:25:27,160:INFO:flipkrat.py:Url hitted
2022-05-09 22:25:27,235:INFO:flipkrat.py:login popup handled
2022-05-09 22:25:27,416:INFO:flipkrat.py:Search begins for samsung
2022-05-09 22:25:30,857:INFO:flipkrat.py:Data saved in scrapper file
2022-05-09 22:28:14,788:INFO:flipkrat.py:Url hitted
2022-05-09 22:28:14,938:INFO:flipkrat.py:login popup handled
2022-05-09 22:28:15,255:INFO:flipkrat.py:Search begins for samsunggalaxym51
2022-05-09 22:28:35,055:INFO:flipkrat.py:Thread run completed
2022-05-10 10:17:09,694:INFO:flipkrat.py:Url hitted
2022-05-10 10:17:38,254:INFO:flipkrat.py:login popup handled
2022-05-10 10:18:53,688:INFO:flipkrat.py:Search begins for motoonepower
2022-05-10 10:20:52,246:INFO:flipkrat.py:Thread run completed
2022-05-10 10:23:51,724:INFO:flipkrat.py:Url hitted
2022-05-10 10:23:51,901:INFO:flipkrat.py:login popup handled
2022-05-10 10:36:17,827:INFO:flipkrat.py:Search begins for moto
2022-05-14 11:24:34,229:INFO:flipkrat.py:Url hitted
2022-05-14 11:24:34,556:INFO:flipkrat.py:login popup handled
2022-05-14 11:24:34,836:INFO:flipkrat.py:Search begins for moto
2022-05-14 11:25:02,285:INFO:flipkrat.py:Thread run completed
